﻿[36mvite v8.0.0 [32mbuilding client environment for production...[36m[39m
[2K
transforming...Γ£ô 2343 modules transformed.
rendering chunks...
computing gzip size...
dist/index.html                   1.02 kB Γöé gzip:   0.55 kB
dist/assets/index-IMZwbYtH.css   32.23 kB Γöé gzip:   6.01 kB
dist/assets/index-Rzk0RhmO.js   644.04 kB Γöé gzip: 193.69 kB

node.exe : [33m[plugin builtin:vite-reporter] 
At line:1 char:1
+ & "C:\Program Files\nodejs/node.exe" "C:\Program Files\nodejs/node_mo ...
+ ~~~~~~~~~~~~~~~~~~~~~~~~~~~~~~~~~~~~~~~~~~~~~~~~~~~~~~~~~~~~~~~~~~~~~
    + CategoryInfo          : NotSpecified: ([33m[plugin builtin:vite-reporter] :String) [], Remote 
   Exception
    + FullyQualifiedErrorId : NativeCommandError
 
(!) Some chunks are larger than 500 kB after minification. Consider:
- Using dynamic import() to code-split the application
- Use build.rolldownOptions.output.codeSplitting to improve chunking: 
https://rolldown.rs/reference/OutputOptions.codeSplitting
- Adjust chunk size limit for this warning via build.chunkSizeWarningLimit.[39m
[31mΓ£ù[39m Build failed in 398ms
[31merror during build:
[31mBuild failed with 1 error:

Error: [vite]: Rolldown failed to resolve import "react-is" from 
"C:/Users/User/OneDrive/Desktop/hackgfg/frontend/node_modules/recharts/es6/util/ReactUtils.js".
This is most likely unintended because it can break your application at runtime.
If you do want to externalize this module explicitly add it to
`build.rollupOptions.external`
    at viteLog (file:///C:/Users/User/OneDrive/Desktop/hackgfg/frontend/node_modules/vite/dist/node/c
hunks/node.js:32887:57)
    at file:///C:/Users/User/OneDrive/Desktop/hackgfg/frontend/node_modules/vite/dist/node/chunks/nod
e.js:32923:71
    at onwarn (file:///C:/Users/User/OneDrive/Desktop/hackgfg/frontend/node_modules/@vitejs/plugin-re
act/dist/index.js:40:7)
    at file:///C:/Users/User/OneDrive/Desktop/hackgfg/frontend/node_modules/vite/dist/node/chunks/nod
e.js:32923:28
    at onRollupLog (file:///C:/Users/User/OneDrive/Desktop/hackgfg/frontend/node_modules/vite/dist/no
de/chunks/node.js:32918:63)
    at onLog (file:///C:/Users/User/OneDrive/Desktop/hackgfg/frontend/node_modules/vite/dist/node/chu
nks/node.js:32688:4)
    at file:///C:/Users/User/OneDrive/Desktop/hackgfg/frontend/node_modules/rolldown/dist/shared/roll
down-build-4YnQkA76.mjs:49:26
    at logger (file:///C:/Users/User/OneDrive/Desktop/hackgfg/frontend/node_modules/rolldown/dist/sha
red/rolldown-build-4YnQkA76.mjs:40:3)
    at onLog (file:///C:/Users/User/OneDrive/Desktop/hackgfg/frontend/node_modules/rolldown/dist/shar
ed/bindingify-input-options-Cu7pt6SZ.mjs:1945:32)[31m
    at aggregateBindingErrorsIntoJsError (file:///C:/Users/User/OneDrive/Desktop/hackgfg/frontend/nod
e_modules/rolldown/dist/shared/error-CP8smW_P.mjs:48:18)
    at unwrapBindingResult (file:///C:/Users/User/OneDrive/Desktop/hackgfg/frontend/node_modules/roll
down/dist/shared/error-CP8smW_P.mjs:18:128)
    at #build (file:///C:/Users/User/OneDrive/Desktop/hackgfg/frontend/node_modules/rolldown/dist/sha
red/rolldown-build-4YnQkA76.mjs:3311:34)
    at async buildEnvironment (file:///C:/Users/User/OneDrive/Desktop/hackgfg/frontend/node_modules/v
ite/dist/node/chunks/node.js:32794:64)
    at async Object.build (file:///C:/Users/User/OneDrive/Desktop/hackgfg/frontend/node_modules/vite/
dist/node/chunks/node.js:33216:19)
    at async Object.buildApp (file:///C:/Users/User/OneDrive/Desktop/hackgfg/frontend/node_modules/vi
te/dist/node/chunks/node.js:33213:153)
    at async CAC.<anonymous> 
(file:///C:/Users/User/OneDrive/Desktop/hackgfg/frontend/node_modules/vite/dist/node/cli.js:778:3) {
  errors: [Getter/Setter]
}[39m
